
> oauhealthcenter@0.1.0 build
> next build

node.exe : ΓÜá Warning: 
Next.js inferred your 
workspace root, but it may 
not be correct.
At C:\Program 
Files\nodejs\npm.ps1:29 
char:3
+   & $NODE_EXE $NPM_CLI_JS 
$args
+   
~~~~~~~~~~~~~~~~~~~~~~~~~~~~~
    + CategoryInfo           
   : NotSpecified: (ΓÜá War  
  ning: Ne...not be correc   
 t.:String) [], RemoteExc    
eption
    + FullyQualifiedErrorId  
   : NativeCommandError
 
 We detected multiple 
lockfiles and selected the 
directory of C:\Users\HP\pack
age-lock.json as the root 
directory.
 To silence this warning, 
set `turbopack.root` in your 
Next.js config, or consider 
removing one of the 
lockfiles if it's not needed.
   See https://nextjs.org/doc
s/app/api-reference/config/ne
xt-config-js/turbopack#root-d
irectory for more 
information.
 Detected additional 
lockfiles: 
   * C:\Users\HP\Desktop\Next
JsProjects\oauhealthcenter\pa
ckage-lock.json

Γû▓ Next.js 16.2.1 (Turbopack)

  Creating an optimized production build ...

> Build error occurred
Error: Turbopack build 
failed with 2 errors:
./Desktop/NextJsProjects/oauh
ealthcenter/app/loginPage/pag
e.tsx:6:1
Export loginUser doesn't 
exist in target module
  [90m4 |[0m 
[36mimport[0m { 
[33mBox[0m, 
[33mTextField[0m, 
[33mButton[0m, 
[33mTypography[0m, 
[33mPaper[0m, 
[33mFormControlLabel[0m, 
[33mCheckbox[0m } 
[36mfrom[0m 
[32m"@mui...[0m
  [90m5 |[0m 
[36mimport[0m { useRouter 
} [36mfrom[0m 
[32m"next/navigation"[0m;
[31m[1m>[0m [90m6 |[0m 
[36mimport[0m { loginUser 
} [36mfrom[0m [32m"@/fireb
ase/functions/loginUser"[0m;
  [90m  |[0m [31m[1m^^^^^
^^^^^^^^^^^^^^^^^^^^^^^^^^^^^
^^^^^^^^^^^^^^^^^^^^^^^^^[0m
  [90m7 |[0m
  [90m8 |[0m 
[36mconst[0m 
[33mLoginPage[0m = () => {
  [90m9 |[0m   
[36mconst[0m router = 
useRouter();

The export loginUser was not 
found in module [project]/Des
ktop/NextJsProjects/oauhealth
center/firebase/functions/log
inUser.ts [app-client] 
(ecmascript).
Did you mean to import 
registerUser?
All exports of the module 
are statically known (It 
doesn't have dynamic 
exports). So it's known 
statically that the 
requested export doesn't 
exist.

Import traces:
  Client Component Browser:
    ./Desktop/NextJsProjects/
oauhealthcenter/app/loginPage
/page.tsx [Client Component 
Browser]
    ./Desktop/NextJsProjects/
oauhealthcenter/app/loginPage
/page.tsx [Server Component]

  Client Component SSR:
    ./Desktop/NextJsProjects/
oauhealthcenter/app/loginPage
/page.tsx [Client Component 
SSR]
    ./Desktop/NextJsProjects/
oauhealthcenter/app/loginPage
/page.tsx [Server Component]


./Desktop/NextJsProjects/oauh
ealthcenter/app/loginPage/pag
e.tsx:6:1
Export loginUser doesn't 
exist in target module
  [90m4 |[0m 
[36mimport[0m { 
[33mBox[0m, 
[33mTextField[0m, 
[33mButton[0m, 
[33mTypography[0m, 
[33mPaper[0m, 
[33mFormControlLabel[0m, 
[33mCheckbox[0m } 
[36mfrom[0m 
[32m"@mui...[0m
  [90m5 |[0m 
[36mimport[0m { useRouter 
} [36mfrom[0m 
[32m"next/navigation"[0m;
[31m[1m>[0m [90m6 |[0m 
[36mimport[0m { loginUser 
} [36mfrom[0m [32m"@/fireb
ase/functions/loginUser"[0m;
  [90m  |[0m [31m[1m^^^^^
^^^^^^^^^^^^^^^^^^^^^^^^^^^^^
^^^^^^^^^^^^^^^^^^^^^^^^^[0m
  [90m7 |[0m
  [90m8 |[0m 
[36mconst[0m 
[33mLoginPage[0m = () => {
  [90m9 |[0m   
[36mconst[0m router = 
useRouter();

The export loginUser was not 
found in module [project]/Des
ktop/NextJsProjects/oauhealth
center/firebase/functions/log
inUser.ts [app-ssr] 
(ecmascript).
Did you mean to import 
registerUser?
All exports of the module 
are statically known (It 
doesn't have dynamic 
exports). So it's known 
statically that the 
requested export doesn't 
exist.

Import traces:
  Client Component Browser:
    ./Desktop/NextJsProjects/
oauhealthcenter/app/loginPage
/page.tsx [Client Component 
Browser]
    ./Desktop/NextJsProjects/
oauhealthcenter/app/loginPage
/page.tsx [Server Component]

  Client Component SSR:
    ./Desktop/NextJsProjects/
oauhealthcenter/app/loginPage
/page.tsx [Client Component 
SSR]
    ./Desktop/NextJsProjects/
oauhealthcenter/app/loginPage
/page.tsx [Server Component]


    at <unknown> (./Desktop/N
extJsProjects/oauhealthcenter
/app/loginPage/page.tsx:6:1)
    at <unknown> (./Desktop/N
extJsProjects/oauhealthcenter
/app/loginPage/page.tsx:6:1)
